05-10 11:08:23.687   872   872 D ActivityEmbeddingUtils: isEmbeddingActivityEnabled = true
05-10 11:08:23.687   872   872 D ActivityEmbeddingUtils: isEmbeddingActivityEnabled = true
05-10 11:08:23.687   872   872 D ActivityEmbeddingUtils: isEmbeddingActivityEnabled = true
05-10 11:08:23.688   872   872 D ActivityEmbeddingUtils: isEmbeddingActivityEnabled = true
05-10 11:08:23.688   872   872 D ActivityEmbeddingUtils: isEmbeddingActivityEnabled = true
05-10 11:08:23.691   872   872 D AvatarViewMixin: Feature disabled by config. Skipping
05-10 11:08:23.773   872   872 D PrefCtrlListHelper: Could not find Context-only controller for pref: com.android.settings.network.TopLevelNetworkEntryPreferenceController
05-10 11:08:23.776   872   872 D PrefCtrlListHelper: Could not find Context-only controller for pref: com.android.settings.communal.CommunalPreferenceController
05-10 11:08:23.776   872   872 D PrefCtrlListHelper: Could not find Context-only controller for pref: com.android.settings.connecteddevice.TopLevelConnectedDevicesPreferenceController
05-10 11:08:23.777   872   872 D PrefCtrlListHelper: Could not find Context-only controller for pref: com.android.settings.fuelgauge.TopLevelBatteryPreferenceController
05-10 11:08:23.778   872   872 D PrefCtrlListHelper: Could not find Context-only controller for pref: com.android.settings.deviceinfo.TopLevelStoragePreferenceController
05-10 11:08:23.779   872   872 D PrefCtrlListHelper: Could not find Context-only controller for pref: com.android.settings.display.TopLevelDisplayPreferenceController
05-10 11:08:23.780   872   872 D PrefCtrlListHelper: Could not find Context-only controller for pref: com.android.settings.display.TopLevelWallpaperPreferenceController
05-10 11:08:23.780   872   872 D PrefCtrlListHelper: Could not find Context-only controller for pref: com.android.settings.accessibility.TopLevelAccessibilityPreferenceController
05-10 11:08:23.781   872   872 D PrefCtrlListHelper: Could not find Context-only controller for pref: com.android.settings.safetycenter.TopLevelSafetyCenterEntryPreferenceController
05-10 11:08:23.788   872   872 D PrefCtrlListHelper: Could not find Context-only controller for pref: com.android.settings.security.TopLevelSecurityEntryPreferenceController
05-10 11:08:23.789   872   872 D PrefCtrlListHelper: Could not find Context-only controller for pref: com.android.settings.privacy.TopLevelPrivacyEntryPreferenceController
05-10 11:08:23.789   872   872 D PrefCtrlListHelper: Could not find Context-only controller for pref: com.android.settings.location.TopLevelLocationPreferenceController
05-10 11:08:23.790   872   872 D PrefCtrlListHelper: Could not find Context-only controller for pref: com.android.settings.accounts.TopLevelAccountEntryPreferenceController
05-10 11:08:23.791   872   872 D PrefCtrlListHelper: Could not find Context-only controller for pref: com.android.settings.deviceinfo.aboutphone.TopLevelAboutDevicePreferenceController
05-10 11:08:23.791   872   872 D PrefCtrlListHelper: Could not find Context-only controller for pref: com.android.settings.support.SupportPreferenceController
05-10 11:08:23.793   872   872 D HighlightableMenu: parsing highlightable menu from xml
05-10 11:08:23.817   490  1392 E UserRestrictionsUtils: Unknown restriction queried by uid 1000 (com.android.inputdevices et al): null
05-10 11:08:23.818   872   872 W InstrumentedPrefFrag: Screen title missing for fragment com.android.settings.homepage.TopLevelSettings
05-10 11:08:23.821   872   872 D ActivityEmbeddingUtils: isEmbeddingActivityEnabled = true
05-10 11:08:23.821   872   872 D ActivityEmbeddingUtils: isEmbeddingActivityEnabled = true
05-10 11:08:23.821   872   872 D ActivityEmbeddingUtils: isEmbeddingActivityEnabled = true
05-10 11:08:23.821   872   872 D ActivityEmbeddingUtils: isEmbeddingActivityEnabled = true
05-10 11:08:23.822   872   872 D ActivityEmbeddingUtils: isEmbeddingActivityEnabled = true
05-10 11:08:23.822   872   872 D ActivityEmbeddingUtils: isEmbeddingActivityEnabled = true
05-10 11:08:23.841   872   872 D TopLevelSettings: NO dashboard tiles for TopLevelSettings
05-10 11:08:23.842   872   872 D TopLevelSettings: All preferences added, reporting fully drawn
05-10 11:08:23.850   872   872 D ActivityEmbeddingUtils: isEmbeddingActivityEnabled = true
05-10 11:08:23.871   872   872 D TopLevelHighlightMixin: Menu key: top_level_network
05-10 11:08:23.871   872   872 D TopLevelHighlightMixin: onCreateAdapter, pref key: top_level_network
05-10 11:08:23.874   872   872 D HighlightableTopLevelAdapter: Request highlight position 0
05-10 11:08:23.874   872   872 D HighlightableTopLevelAdapter: Is highlight needed: false
05-10 11:08:23.878   490  1392 D CompatibilityChangeReporter: Compat change id reported: 161145287; UID 1000; state: ENABLED
05-10 11:08:23.879   872   872 D BatteryBroadcastRcvr: updateBatteryStatus: action=android.intent.action.BATTERY_CHANGED
05-10 11:08:23.881   872   872 D BatteryBroadcastRcvr: Battery changed: level: 100%| status: Charged| chargingStatus: 0| health: 2
05-10 11:08:23.881   872   872 D TopLvBatteryPrefControl: onBatteryChanged: type=0
05-10 11:08:23.891   872   872 W ElapsedTimeUtils: getElapsedTime: sSuwFinishedTimeStamp is null
05-10 11:08:23.893   490  1258 D TelephonyManager: requestModemActivityInfo: Sending result to app: ModemActivityInfo{ mTimestamp=1004183 mSleepTimeMs=0 mIdleTimeMs=1004176 mActivityStatsTechSpecificInfo=[{mRat=UNKNOWN,mFrequencyRange=UNKNOWN,mTxTimeMs[]=[0, 0, 0, 0, 0],mRxTimeMs=0}]}
05-10 11:08:23.898   490   504 W BatteryExternalStatsWorker: error reading Bluetooth stats: 11
05-10 11:08:23.910   490   525 W KernelCpuProcStringReader: File not found. It's normal if not implemented: /proc/uid_concurrent_policy_time
05-10 11:08:23.925  1049  1064 I droid.launcher3: NativeAlloc concurrent copying GC freed 26818(1475KB) AllocSpace objects, 4(208KB) LOS objects, 49% free, 5361KB/10MB, paused 44.505ms,18us,53.208ms total 254.727ms
05-10 11:08:23.936   872   872 D CompatibilityChangeReporter: Compat change id reported: 263076149; UID 1000; state: ENABLED
05-10 11:08:23.941   872   872 D CategoryMixin: Skip categories update
05-10 11:08:23.947   288   347 I netd    : tetherGetStats() -> {[]} <0.70ms>
05-10 11:08:23.951   490  1392 W CpuPowerCalculator: UID 10143 CPU freq # mismatch: Power Profile # 1 actual # 4
05-10 11:08:23.951   490  1392 W CpuPowerCalculator: UID 10142 CPU cluster # mismatch: Power Profile # 1 actual # 2
05-10 11:08:23.951   490  1392 W CpuPowerCalculator: UID 10142 CPU freq # mismatch: Power Profile # 1 actual # 4
05-10 11:08:23.951   490  1392 W CpuPowerCalculator: UID 10135 CPU cluster # mismatch: Power Profile # 1 actual # 2
05-10 11:08:23.951   490  1392 W CpuPowerCalculator: UID 10135 CPU freq # mismatch: Power Profile # 1 actual # 4
05-10 11:08:23.952   490  1392 W CpuPowerCalculator: UID 10132 CPU cluster # mismatch: Power Profile # 1 actual # 2
05-10 11:08:23.952   490  1392 W CpuPowerCalculator: UID 10132 CPU freq # mismatch: Power Profile # 1 actual # 4
05-10 11:08:23.952   490  1392 W CpuPowerCalculator: UID 10130 CPU cluster # mismatch: Power Profile # 1 actual # 2
05-10 11:08:23.952   490  1392 W CpuPowerCalculator: UID 10130 CPU freq # mismatch: Power Profile # 1 actual # 4
05-10 11:08:23.952   490  1392 W CpuPowerCalculator: UID 10126 CPU cluster # mismatch: Power Profile # 1 actual # 2
05-10 11:08:23.952   490  1392 W CpuPowerCalculator: UID 10126 CPU freq # mismatch: Power Profile # 1 actual # 4
05-10 11:08:23.952   490  1392 W CpuPowerCalculator: UID 10124 CPU cluster # mismatch: Power Profile # 1 actual # 2
05-10 11:08:23.952   490  1392 W CpuPowerCalculator: UID 10124 CPU freq # mismatch: Power Profile # 1 actual # 4
05-10 11:08:23.952   490  1392 W CpuPowerCalculator: UID 10123 CPU cluster # mismatch: Power Profile # 1 actual # 2
05-10 11:08:23.952   490  1392 W CpuPowerCalculator: UID 10123 CPU freq # mismatch: Power Profile # 1 actual # 4
05-10 11:08:23.952   490  1392 W CpuPowerCalculator: UID 10118 CPU cluster # mismatch: Power Profile # 1 actual # 2
05-10 11:08:23.952   490  1392 W CpuPowerCalculator: UID 10118 CPU freq # mismatch: Power Profile # 1 actual # 4
05-10 11:08:23.952   490  1392 W CpuPowerCalculator: UID 10115 CPU cluster # mismatch: Power Profile # 1 actual # 2
05-10 11:08:23.953   490  1392 W CpuPowerCalculator: UID 10115 CPU freq # mismatch: Power Profile # 1 actual # 4
05-10 11:08:23.953   490  1392 W CpuPowerCalculator: UID 10106 CPU cluster # mismatch: Power Profile # 1 actual # 2
05-10 11:08:23.953   490  1392 W CpuPowerCalculator: UID 10106 CPU freq # mismatch: Power Profile # 1 actual # 4
05-10 11:08:23.953   490  1392 W CpuPowerCalculator: UID 10104 CPU cluster # mismatch: Power Profile # 1 actual # 2
05-10 11:08:23.953   490  1392 W CpuPowerCalculator: UID 10104 CPU freq # mismatch: Power Profile # 1 actual # 4
05-10 11:08:23.953   490  1392 W CpuPowerCalculator: UID 10101 CPU cluster # mismatch: Power Profile # 1 actual # 2
05-10 11:08:23.953   490  1392 W CpuPowerCalculator: UID 10101 CPU freq # mismatch: Power Profile # 1 actual # 4
05-10 11:08:23.953   490  1392 W CpuPowerCalculator: UID 10099 CPU cluster # mismatch: Power Profile # 1 actual # 2
05-10 11:08:23.953   490  1392 W CpuPowerCalculator: UID 10099 CPU freq # mismatch: Power Profile # 1 actual # 4
05-10 11:08:23.953   490  1392 W CpuPowerCalculator: UID 10098 CPU cluster # mismatch: Power Profile # 1 actual # 2
05-10 11:08:23.953   490  1392 W CpuPowerCalculator: UID 10098 CPU freq # mismatch: Power Profile # 1 actual # 4
05-10 11:08:23.953   490  1392 W CpuPowerCalculator: UID 10097 CPU cluster # mismatch: Power Profile # 1 actual # 2
05-10 11:08:23.953   490  1392 W CpuPowerCalculator: UID 10097 CPU freq # mismatch: Power Profile # 1 actual # 4
05-10 11:08:23.954   490  1392 W CpuPowerCalculator: UID 10095 CPU cluster # mismatch: Power Profile # 1 actual # 2
05-10 11:08:23.954   490  1392 W CpuPowerCalculator: UID 10095 CPU freq # mismatch: Power Profile # 1 actual # 4
05-10 11:08:23.954   490  1392 W CpuPowerCalculator: UID 10094 CPU cluster # mismatch: Power Profile # 1 actual # 2
05-10 11:08:23.954   490  1392 W CpuPowerCalculator: UID 10094 CPU freq # mismatch: Power Profile # 1 actual # 4
05-10 11:08:23.954   490  1392 W CpuPowerCalculator: UID 10092 CPU cluster # mismatch: Power Profile # 1 actual # 2
05-10 11:08:23.954   490  1392 W CpuPowerCalculator: UID 10092 CPU freq # mismatch: Power Profile # 1 actual # 4
05-10 11:08:23.954   490  1392 W CpuPowerCalculator: UID 10090 CPU cluster # mismatch: Power Profile # 1 actual # 2
05-10 11:08:23.954   490  1392 W CpuPowerCalculator: UID 10090 CPU freq # mismatch: Power Profile # 1 actual # 4
05-10 11:08:23.954   490  1392 W CpuPowerCalculator: UID 10075 CPU cluster # mismatch: Power Profile # 1 actual # 2
05-10 11:08:23.954   490  1392 W CpuPowerCalculator: UID 10075 CPU freq # mismatch: Power Profile # 1 actual # 4
05-10 11:08:23.954   490  1392 W CpuPowerCalculator: UID 10073 CPU cluster # mismatch: Power Profile # 1 actual # 2
05-10 11:08:23.954   490  1392 W CpuPowerCalculator: UID 10073 CPU freq # mismatch: Power Profile # 1 actual # 4
05-10 11:08:23.954   490  1392 W CpuPowerCalculator: UID 10065 CPU cluster # mismatch: Power Profile # 1 actual # 2
05-10 11:08:23.954   490  1392 W CpuPowerCalculator: UID 10065 CPU freq # mismatch: Power Profile # 1 actual # 4
05-10 11:08:23.954   490  1392 W CpuPowerCalculator: UID 10062 CPU cluster # mismatch: Power Profile # 1 actual # 2
05-10 11:08:23.954   490  1392 W CpuPowerCalculator: UID 10062 CPU freq # mismatch: Power Profile # 1 actual # 4
05-10 11:08:23.954   490  1392 W CpuPowerCalculator: UID 10059 CPU cluster # mismatch: Power Profile # 1 actual # 2
05-10 11:08:23.954   490  1392 W CpuPowerCalculator: UID 10059 CPU freq # mismatch: Power Profile # 1 actual # 4
05-10 11:08:23.954   490  1392 W CpuPowerCalculator: UID 10058 CPU cluster # mismatch: Power Profile # 1 actual # 2
05-10 11:08:23.954   490  1392 W CpuPowerCalculator: UID 10058 CPU freq # mismatch: Power Profile # 1 actual # 4
05-10 11:08:23.954   490  1392 W CpuPowerCalculator: UID 10057 CPU cluster # mismatch: Power Profile # 1 actual # 2
05-10 11:08:23.954   490  1392 W CpuPowerCalculator: UID 10057 CPU freq # mismatch: Power Profile # 1 actual # 4
05-10 11:08:23.955   490  1392 W CpuPowerCalculator: UID 9999 CPU cluster # mismatch: Power Profile # 1 actual # 2
05-10 11:08:23.955   490  1392 W CpuPowerCalculator: UID 9999 CPU freq # mismatch: Power Profile # 1 actual # 4
05-10 11:08:23.955   490  1392 W CpuPowerCalculator: UID 2000 CPU cluster # mismatch: Power Profile # 1 actual # 2
05-10 11:08:23.955   490  1392 W CpuPowerCalculator: UID 2000 CPU freq # mismatch: Power Profile # 1 actual # 4
05-10 11:08:23.955   490  1392 W CpuPowerCalculator: UID 1092 CPU cluster # mismatch: Power Profile # 1 actual # 2
05-10 11:08:23.955   490  1392 W CpuPowerCalculator: UID 1092 CPU freq # mismatch: Power Profile # 1 actual # 4
05-10 11:08:23.955   490  1392 W CpuPowerCalculator: UID 1086 CPU cluster # mismatch: Power Profile # 1 actual # 2
05-10 11:08:23.955   490  1392 W CpuPowerCalculator: UID 1086 CPU freq # mismatch: Power Profile # 1 actual # 4
05-10 11:08:23.955   490  1392 W CpuPowerCalculator: UID 1073 CPU cluster # mismatch: Power Profile # 1 actual # 2
05-10 11:08:23.955   490  1392 W CpuPowerCalculator: UID 1073 CPU freq # mismatch: Power Profile # 1 actual # 4
05-10 11:08:23.955   490  1392 W CpuPowerCalculator: UID 1072 CPU cluster # mismatch: Power Profile # 1 actual # 2
05-10 11:08:23.955   490  1392 W CpuPowerCalculator: UID 1072 CPU freq # mismatch: Power Profile # 1 actual # 4
05-10 11:08:23.955   490  1392 W CpuPowerCalculator: UID 1069 CPU cluster # mismatch: Power Profile # 1 actual # 2
05-10 11:08:23.955   490  1392 W CpuPowerCalculator: UID 1069 CPU freq # mismatch: Power Profile # 1 actual # 4
05-10 11:08:23.955   490  1392 W CpuPowerCalculator: UID 1068 CPU cluster # mismatch: Power Profile # 1 actual # 2
05-10 11:08:23.955   490  1392 W CpuPowerCalculator: UID 1068 CPU freq # mismatch: Power Profile # 1 actual # 4
05-10 11:08:23.955   490  1392 W CpuPowerCalculator: UID 1067 CPU cluster # mismatch: Power Profile # 1 actual # 2
05-10 11:08:23.955   490  1392 W CpuPowerCalculator: UID 1067 CPU freq # mismatch: Power Profile # 1 actual # 4
05-10 11:08:23.955   490  1392 W CpuPowerCalculator: UID 1066 CPU cluster # mismatch: Power Profile # 1 actual # 2
05-10 11:08:23.955   490  1392 W CpuPowerCalculator: UID 1066 CPU freq # mismatch: Power Profile # 1 actual # 4
05-10 11:08:23.955   490  1392 W CpuPowerCalculator: UID 1058 CPU cluster # mismatch: Power Profile # 1 actual # 2
05-10 11:08:23.955   490  1392 W CpuPowerCalculator: UID 1058 CPU freq # mismatch: Power Profile # 1 actual # 4
05-10 11:08:23.955   490  1392 W CpuPowerCalculator: UID 1053 CPU cluster # mismatch: Power Profile # 1 actual # 2
05-10 11:08:23.955   490  1392 W CpuPowerCalculator: UID 1053 CPU freq # mismatch: Power Profile # 1 actual # 4
05-10 11:08:23.955   490  1392 W CpuPowerCalculator: UID 1047 CPU cluster # mismatch: Power Profile # 1 actual # 2
05-10 11:08:23.955   490  1392 W CpuPowerCalculator: UID 1047 CPU freq # mismatch: Power Profile # 1 actual # 4
05-10 11:08:23.955   490  1392 W CpuPowerCalculator: UID 1046 CPU cluster # mismatch: Power Profile # 1 actual # 2
05-10 11:08:23.956   490  1392 W CpuPowerCalculator: UID 1046 CPU freq # mismatch: Power Profile # 1 actual # 4
05-10 11:08:23.956   490  1392 W CpuPowerCalculator: UID 1041 CPU cluster # mismatch: Power Profile # 1 actual # 2
05-10 11:08:23.956   490  1392 W CpuPowerCalculator: UID 1041 CPU freq # mismatch: Power Profile # 1 actual # 4
05-10 11:08:23.956   490  1392 W CpuPowerCalculator: UID 1040 CPU cluster # mismatch: Power Profile # 1 actual # 2
05-10 11:08:23.956   490  1392 W CpuPowerCalculator: UID 1040 CPU freq # mismatch: Power Profile # 1 actual # 4
05-10 11:08:23.956   490  1392 W CpuPowerCalculator: UID 1036 CPU cluster # mismatch: Power Profile # 1 actual # 2
05-10 11:08:23.956   490  1392 W CpuPowerCalculator: UID 1036 CPU freq # mismatch: Power Profile # 1 actual # 4
05-10 11:08:23.956   490  1392 W CpuPowerCalculator: UID 1021 CPU cluster # mismatch: Power Profile # 1 actual # 2
05-10 11:08:23.956   490  1392 W CpuPowerCalculator: UID 1021 CPU freq # mismatch: Power Profile # 1 actual # 4
05-10 11:08:23.956   490  1392 W CpuPowerCalculator: UID 1020 CPU cluster # mismatch: Power Profile # 1 actual # 2
05-10 11:08:23.956   490  1392 W CpuPowerCalculator: UID 1020 CPU freq # mismatch: Power Profile # 1 actual # 4
05-10 11:08:23.956   490  1392 W CpuPowerCalculator: UID 1017 CPU cluster # mismatch: Power Profile # 1 actual # 2
05-10 11:08:23.956   490  1392 W CpuPowerCalculator: UID 1017 CPU freq # mismatch: Power Profile # 1 actual # 4
05-10 11:08:23.956   490  1392 W CpuPowerCalculator: UID 1013 CPU cluster # mismatch: Power Profile # 1 actual # 2
05-10 11:08:23.956   490  1392 W CpuPowerCalculator: UID 1013 CPU freq # mismatch: Power Profile # 1 actual # 4
05-10 11:08:23.956   490  1392 W CpuPowerCalculator: UID 1010 CPU cluster # mismatch: Power Profile # 1 actual # 2
05-10 11:08:23.956   490  1392 W CpuPowerCalculator: UID 1010 CPU freq # mismatch: Power Profile # 1 actual # 4
05-10 11:08:23.956   490  1392 W CpuPowerCalculator: UID 1003 CPU cluster # mismatch: Power Profile # 1 actual # 2
05-10 11:08:23.956   490  1392 W CpuPowerCalculator: UID 1003 CPU freq # mismatch: Power Profile # 1 actual # 4
05-10 11:08:23.956   490  1392 W CpuPowerCalculator: UID 1002 CPU cluster # mismatch: Power Profile # 1 actual # 2
05-10 11:08:23.956   490  1392 W CpuPowerCalculator: UID 1002 CPU freq # mismatch: Power Profile # 1 actual # 4
05-10 11:08:23.957   490  1392 W CpuPowerCalculator: UID 1001 CPU cluster # mismatch: Power Profile # 1 actual # 2
05-10 11:08:23.957   490  1392 W CpuPowerCalculator: UID 1001 CPU freq # mismatch: Power Profile # 1 actual # 4
05-10 11:08:23.957   490  1392 W CpuPowerCalculator: UID 1000 CPU cluster # mismatch: Power Profile # 1 actual # 2
05-10 11:08:23.957   490  1392 W CpuPowerCalculator: UID 1000 CPU freq # mismatch: Power Profile # 1 actual # 4
05-10 11:08:23.957   490  1392 W CpuPowerCalculator: UID 0 CPU cluster # mismatch: Power Profile # 1 actual # 2
05-10 11:08:23.957   490  1392 W CpuPowerCalculator: UID 0 CPU freq # mismatch: Power Profile # 1 actual # 4
05-10 11:08:23.962   872   872 D BatteryBroadcastRcvr: updateBatteryStatus: action=android.intent.action.BATTERY_CHANGED
05-10 11:08:23.963   872   872 D BatteryBroadcastRcvr: Battery changed: level: 100%| status: Charged| chargingStatus: 0| health: 2
05-10 11:08:23.964   872   872 D BatteryBroadcastRcvr: updateBatteryStatus: action=android.intent.action.BATTERY_CHANGED
05-10 11:08:23.964   872   872 D BatteryBroadcastRcvr: Battery changed: level: 100%| status: Charged| chargingStatus: 0| health: 2
05-10 11:08:23.964   490   504 D FileUtils: Rounded bytes from 13831323648 to 16000000000
05-10 11:08:23.964   872  1263 D BatteryInfo: time for getStats: 0ms
05-10 11:08:23.966   872  1263 D BatteryInfo: time for regular BatteryInfo: 0ms
05-10 11:08:23.967   872  1263 D BatteryInfo: time for getBatteryInfo: 1ms
05-10 11:08:23.977   490   504 D ActivityManager: sync unfroze 1164 com.android.permissioncontroller for 6
05-10 11:08:24.045   490  1392 D CoreBackPreview: Window{bf38bc5 u0 com.android.settings/com.android.settings.Settings}: Setting back callback OnBackInvokedCallbackInfo{mCallback=android.window.IOnBackInvokedCallback$Stub$Proxy@2ce0227, mPriority=-1, mIsAnimationCallback=false}
05-10 11:08:24.149   687   731 V WindowManagerShell: Transition animation finished (aborted=false), notifying core (#7)android.os.BinderProxy@a48f238@0
05-10 11:08:24.150   490   508 V WindowManager: Finish Transition #7: created at 05-10 11:08:23.200 collect-started=0.037ms request-sent=9.267ms started=31.548ms ready=75.673ms sent=318.841ms finished=949.451ms
05-10 11:08:24.153   687   731 V WindowManagerShell: Track 0 became idle
05-10 11:08:24.153   687   731 V WindowManagerShell: All active transition animations finished
05-10 11:08:24.161  1049  1049 D HotseatPredictionController: setPauseUIUpdate parameter `paused` is false
05-10 11:08:24.162  1049  1049 D HotseatPredictionController: fillGapsWithPrediction flags: 
05-10 11:08:24.162  1049  1049 D HotseatPredictionController: Hotseat app child is: com.android.launcher3.views.DoubleShadowBubbleTextView{b993c3 VFED..CL. ......ID 0,0-276,221 #1} and isPredictedIcon() evaluates to: false
05-10 11:08:24.162  1049  1049 D HotseatPredictionController: Hotseat app child is: com.android.launcher3.views.DoubleShadowBubbleTextView{5db8440 VFED..CL. ......ID 276,0-552,221 #2} and isPredictedIcon() evaluates to: false
05-10 11:08:24.162  1049  1049 D HotseatPredictionController: Hotseat app child is: null and isPredictedIcon() evaluates to: false
05-10 11:08:24.162  1049  1049 D HotseatPredictionController: Remove predicted apps from the past
05-10 11:08:24.162  1049  1049 D HotseatPredictionController: Prediction Index: 0
05-10 11:08:24.162  1049  1049 D HotseatPredictionController: Hotseat app child is: com.android.launcher3.views.DoubleShadowBubbleTextView{a42ff79 VFED..CL. ......ID 828,0-1104,221 #3} and isPredictedIcon() evaluates to: false
05-10 11:08:24.162  1049  1049 D HotseatPredictionController: Hotseat app child is: com.android.launcher3.views.DoubleShadowBubbleTextView{8f3d4be VFED..CL. ......ID 1104,0-1380,221 #4} and isPredictedIcon() evaluates to: false
05-10 11:08:24.162  1049  1049 D HotseatPredictionController: bindItems to hotseat: []
05-10 11:08:24.194  1049  1428 D EGL_emulation: app_time_stats: avg=32.87ms min=9.16ms max=125.26ms count=26
05-10 11:08:24.225   490   674 D StorageStatsService: getFreeBytes: 9849180160
05-10 11:08:24.246   872   879 I ndroid.settings: Background young concurrent copying GC freed 13940(1256KB) AllocSpace objects, 3(48KB) LOS objects, 27% free, 3426KB/4737KB, paused 64.645ms,9us,42.259ms total 274.488ms
05-10 11:08:24.279  1049  1049 W FrameTracker: Missing HWUI jank callback for vsyncId: 4602, CUJ=J<LAUNCHER_APP_LAUNCH_FROM_ICON>
05-10 11:08:24.279  1049  1049 W FrameTracker: Missing HWUI jank callback for vsyncId: 4626, CUJ=J<LAUNCHER_APP_LAUNCH_FROM_ICON>
05-10 11:08:24.279  1049  1049 W FrameTracker: Missing HWUI jank callback for vsyncId: 4667, CUJ=J<LAUNCHER_APP_LAUNCH_FROM_ICON>
05-10 11:08:24.279  1049  1049 W FrameTracker: Missing HWUI jank callback for vsyncId: 4720, CUJ=J<LAUNCHER_APP_LAUNCH_FROM_ICON>
05-10 11:08:24.279  1049  1049 W FrameTracker: Missing HWUI jank callback for vsyncId: 4728, CUJ=J<LAUNCHER_APP_LAUNCH_FROM_ICON>
05-10 11:08:24.279  1049  1049 W FrameTracker: Missing HWUI jank callback for vsyncId: 4758, CUJ=J<LAUNCHER_APP_LAUNCH_FROM_ICON>
05-10 11:08:24.279  1049  1049 W FrameTracker: Missing SF jank callback for vsyncId: 4774, CUJ=J<LAUNCHER_APP_LAUNCH_FROM_ICON>
05-10 11:08:24.279  1049  1394 V PerfettoTrigger: Triggering /system/bin/trigger_perfetto com.android.telemetry.interaction-jank-monitor-8
05-10 11:08:24.313   872  1260 W OpenGLRenderer: Failed to initialize 101010-2 format, error = EGL_SUCCESS
05-10 11:08:24.864   872   872 D TopLvBatteryPrefControl: getBatteryInfo: com.android.settings.fuelgauge.BatteryInfo@753dfbd
05-10 11:08:24.864   872   872 D TopLvBatteryPrefControl: getDashboardLabel: null batteryStatusUpdate=true
05-10 11:08:24.869   490   508 I ActivityTaskManager: Displayed com.android.settings/.Settings for user 0: +1s674ms
05-10 11:08:24.870   490   508 I ActivityTaskManager: Fully drawn com.android.settings/.Settings: +1s674ms
05-10 11:08:24.879   872  1594 I OpenGLRenderer: Davey! duration=914ms; Flags=1, FrameTimelineVsyncId=4689, IntendedVsync=1004238518851, Vsync=1004321852181, InputEventId=0, HandleInputStart=1004335286176, AnimationStart=1004335286658, PerformTraversalsStart=1004335287044, DrawStart=1004620157120, FrameDeadline=1004255185517, FrameInterval=1004335277925, FrameStartTime=16666666, SyncQueued=1004626260291, SyncStart=1004626551945, IssueDrawCommandsStart=1004626720811, SwapBuffers=1004999796163, FrameCompleted=1005153350091, DequeueBufferDuration=2901, QueueBufferDuration=167943, GpuCompleted=1004999796163, SwapBuffersCompleted=1005153350091, DisplayPresentTime=0, CommandSubmissionCompleted=1004999796163, 
05-10 11:08:24.880   872   872 D BatteryInfo: time for callback: 17ms
05-10 11:08:24.881   872   872 I Choreographer: Skipped 50 frames!  The application may be doing too much work on its main thread.
05-10 11:08:24.989   872  1594 I OpenGLRenderer: Davey! duration=858ms; Flags=0, FrameTimelineVsyncId=4743, IntendedVsync=1004338518847, Vsync=1005171852147, InputEventId=0, HandleInputStart=1005172960479, AnimationStart=1005172961037, PerformTraversalsStart=1005173269707, DrawStart=1005178856028, FrameDeadline=1005021852153, FrameInterval=1005171912815, FrameStartTime=16666666, SyncQueued=1005182118150, SyncStart=1005182680104, IssueDrawCommandsStart=1005184424529, SwapBuffers=1005186354926, FrameCompleted=1005197820263, DequeueBufferDuration=2794, QueueBufferDuration=116812, GpuCompleted=1005186354926, SwapBuffersCompleted=1005197820263, DisplayPresentTime=0, CommandSubmissionCompleted=1005186354926, 
05-10 11:08:25.039   490   601 D CompatibilityChangeReporter: Compat change id reported: 214016041; UID 1000; state: ENABLED
05-10 11:08:25.039   490   601 I ImeTracker: com.android.settings:97b21a3e: onRequestHide at ORIGIN_SERVER_HIDE_INPUT reason HIDE_UNSPECIFIED_WINDOW
05-10 11:08:25.039   490   601 I ImeTracker: com.android.settings:97b21a3e: onCancelled at PHASE_SERVER_SHOULD_HIDE
05-10 11:08:25.329   490   601 W InputManager-JNI: Input channel object 'c81264d Splash Screen com.android.settings (client)' was disposed without first being removed with the input manager!
05-10 11:08:25.333  1049  1049 D BaseDepthController: setSurface:
05-10 11:08:25.333  1049  1049 D BaseDepthController: 	mWaitingOnSurfaceValidity: false
05-10 11:08:25.333  1049  1049 D BaseDepthController: 	mSurface: null
05-10 11:08:25.333  1049  1049 D BaseDepthController: mSurface is null and mCurrentBlur is: 23
05-10 11:08:25.336  1049  1083 I ImeTracker: com.android.launcher3:5a7694e0: onRequestHide at ORIGIN_CLIENT_HIDE_SOFT_INPUT reason HIDE_SOFT_INPUT
05-10 11:08:25.337  1049  1083 I ImeTracker: com.android.launcher3:5a7694e0: onFailed at PHASE_CLIENT_VIEW_SERVED
05-10 11:08:25.350   490   504 W ProcessStats: Tracking association SourceState{cf11762 com.android.settings/1000 BTop #486} whose proc state 2 is better than process ProcessState{addd5e2 com.android.permissioncontroller/10126 pkg=com.android.permissioncontroller} proc state 15 (0 skipped)
05-10 11:08:25.379   687   747 W FrameTracker: Missed App frame:UNKNOWN: 10, 4877, 0, CUJ=J<SPLASHSCREEN_EXIT_ANIM>
05-10 11:08:25.379   687   747 W FrameTracker: Missed SF frame:UNKNOWN: 10, 4877, 0, CUJ=J<SPLASHSCREEN_EXIT_ANIM>
05-10 11:08:25.379   687   747 W FrameTracker: Missing HWUI jank callback for vsyncId: 4877, CUJ=J<SPLASHSCREEN_EXIT_ANIM>
05-10 11:08:25.379   687   747 W FrameTracker: Missed App frame:UNKNOWN: 74, 4899, 0, CUJ=J<SPLASHSCREEN_EXIT_ANIM>
05-10 11:08:25.379   687   747 W FrameTracker: Missed SF frame:UNKNOWN: 74, 4899, 0, CUJ=J<SPLASHSCREEN_EXIT_ANIM>
05-10 11:08:25.379   687   747 W FrameTracker: Missing HWUI jank callback for vsyncId: 4899, CUJ=J<SPLASHSCREEN_EXIT_ANIM>
05-10 11:08:25.379   687   747 W FrameTracker: Missed App frame:UNKNOWN: 74, 4914, 312628704, CUJ=J<SPLASHSCREEN_EXIT_ANIM>
05-10 11:08:25.379   687   747 W FrameTracker: Missed SF frame:UNKNOWN: 74, 4914, 312628704, CUJ=J<SPLASHSCREEN_EXIT_ANIM>
05-10 11:08:25.379   687   747 W FrameTracker: Missed App frame:UNKNOWN: 74, 4922, 266843187, CUJ=J<SPLASHSCREEN_EXIT_ANIM>
05-10 11:08:25.379   687   747 W FrameTracker: Missed SF frame:UNKNOWN: 74, 4922, 266843187, CUJ=J<SPLASHSCREEN_EXIT_ANIM>
05-10 11:08:25.379   687   747 W FrameTracker: Missed App frame:UNKNOWN: 74, 4967, 0, CUJ=J<SPLASHSCREEN_EXIT_ANIM>
05-10 11:08:25.379   687   747 W FrameTracker: Missed SF frame:UNKNOWN: 74, 4967, 0, CUJ=J<SPLASHSCREEN_EXIT_ANIM>
05-10 11:08:25.379   687   747 W FrameTracker: Missing HWUI jank callback for vsyncId: 4967, CUJ=J<SPLASHSCREEN_EXIT_ANIM>
05-10 11:08:25.381   687   740 V PerfettoTrigger: Triggering /system/bin/trigger_perfetto com.android.telemetry.interaction-jank-monitor-39
05-10 11:08:25.932   872  1260 D EGL_emulation: app_time_stats: avg=44.67ms min=7.11ms max=266.94ms count=21
05-10 11:08:26.213   490  1397 E TaskPersister: File error accessing recents directory (directory doesn't exist?).
05-10 11:08:26.483   292  2051 D android.hardware.audio@7.1-impl.ranchu: threadLoop: entering standby, frames: 149056
05-10 11:08:26.949   872  1260 D EGL_emulation: app_time_stats: avg=136.32ms min=6.89ms max=862.40ms count=7
