--------- beginning of main
05-10 11:08:18.468   687   775 D EGL_emulation: app_time_stats: avg=18447.53ms min=18447.53ms max=18447.53ms count=1
--------- beginning of kernel
05-10 11:08:20.408     0     0 I logd    : logdr: UID=0 GID=0 PID=2047 b tail=0 logMask=99 pid=0 start=0ns deadline=0ns
05-10 11:08:23.091  1049  1049 D LauncherEvents: Main / Touch event: MotionEvent { action=ACTION_DOWN, actionButton=0, id[0]=0, x[0]=398.9795, y[0]=1297.8906, toolType[0]=TOOL_TYPE_FINGER, buttonState=0, classification=NONE, metaState=0, flags=0x0, edgeFlags=0x0, pointerCount=1, historySize=0, eventTime=1003381, downTime=1003381, deviceId=4, source=0x5002, displayId=0, eventId=922493257 }
05-10 11:08:23.093  1049  1049 D LauncherEvents: TIS / TouchInteractionService.onInputEvent: MotionEvent { action=ACTION_DOWN, actionButton=0, id[0]=0, x[0]=398.9795, y[0]=1297.8906, toolType[0]=TOOL_TYPE_FINGER, buttonState=0, classification=NONE, metaState=0, flags=0x0, edgeFlags=0x0, pointerCount=1, historySize=0, eventTime=1003381, downTime=1003381, deviceId=4, source=0x5002, displayId=0, eventId=922493257 }
05-10 11:08:23.171  1049  1049 D LauncherEvents: Main / Touch event: MotionEvent { action=ACTION_UP, actionButton=0, id[0]=0, x[0]=398.9795, y[0]=1297.8906, toolType[0]=TOOL_TYPE_FINGER, buttonState=0, classification=NONE, metaState=0, flags=0x0, edgeFlags=0x0, pointerCount=1, historySize=0, eventTime=1003461, downTime=1003381, deviceId=4, source=0x5002, displayId=0, eventId=428373892 }
05-10 11:08:23.171  1049  1049 D LauncherEvents: TIS / TouchInteractionService.onInputEvent: MotionEvent { action=ACTION_UP, actionButton=0, id[0]=0, x[0]=398.9795, y[0]=1297.8906, toolType[0]=TOOL_TYPE_FINGER, buttonState=0, classification=NONE, metaState=0, flags=0x0, edgeFlags=0x0, pointerCount=1, historySize=0, eventTime=1003461, downTime=1003381, deviceId=4, source=0x5002, displayId=0, eventId=428373892 }
05-10 11:08:23.184  1049  1049 D TaplEvents: Main / start: startAppShortcutOrInfoActivity
05-10 11:08:23.185  1049  1049 D HotseatPredictionController: setPauseUIUpdate parameter `paused` is true
05-10 11:08:23.187  1049  1428 D EGL_emulation: app_time_stats: avg=2795.98ms min=7.34ms max=27542.88ms count=10
--------- beginning of system
05-10 11:08:23.191   490   505 D CompatibilityChangeReporter: Compat change id reported: 161252188; UID 1000; state: DISABLED
05-10 11:08:23.193   490   505 D CompatibilityChangeReporter: Compat change id reported: 265464455; UID 1000; state: DISABLED
05-10 11:08:23.193   490   505 D CompatibilityChangeReporter: Compat change id reported: 265452344; UID 1000; state: DISABLED
05-10 11:08:23.194   490   505 D CompatibilityChangeReporter: Compat change id reported: 266124927; UID 1000; state: DISABLED
05-10 11:08:23.194   490   505 D CompatibilityChangeReporter: Compat change id reported: 265451093; UID 1000; state: DISABLED
05-10 11:08:23.196   490   505 D CompatibilityChangeReporter: Compat change id reported: 265456536; UID 1000; state: DISABLED
05-10 11:08:23.197   490   505 D CompatibilityChangeReporter: Compat change id reported: 255940284; UID 1000; state: DISABLED
05-10 11:08:23.197   490   505 D CompatibilityChangeReporter: Compat change id reported: 236283604; UID 1000; state: DISABLED
05-10 11:08:23.197   490   505 D CompatibilityChangeReporter: Compat change id reported: 263959004; UID 1000; state: DISABLED
05-10 11:08:23.198   490   505 D CompatibilityChangeReporter: Compat change id reported: 264304459; UID 1000; state: DISABLED
05-10 11:08:23.198   490   505 D CompatibilityChangeReporter: Compat change id reported: 264301586; UID 1000; state: DISABLED
05-10 11:08:23.198   490   505 D CompatibilityChangeReporter: Compat change id reported: 254631730; UID 1000; state: DISABLED
05-10 11:08:23.198   490   505 D CompatibilityChangeReporter: Compat change id reported: 273509367; UID 1000; state: DISABLED
05-10 11:08:23.198   490   505 D CompatibilityChangeReporter: Compat change id reported: 263259275; UID 1000; state: DISABLED
05-10 11:08:23.198   490   505 D CompatibilityChangeReporter: Compat change id reported: 174042980; UID 1000; state: DISABLED
05-10 11:08:23.198   490   505 D CompatibilityChangeReporter: Compat change id reported: 174042936; UID 1000; state: DISABLED
05-10 11:08:23.198   490   505 D CompatibilityChangeReporter: Compat change id reported: 181136395; UID 1000; state: DISABLED
05-10 11:08:23.199   490   505 D CompatibilityChangeReporter: Compat change id reported: 194480991; UID 1000; state: ENABLED
05-10 11:08:23.204   490   505 D CompatibilityChangeReporter: Compat change id reported: 197654537; UID 1000; state: ENABLED
05-10 11:08:23.206   490   505 V SplashScreenExceptionList: SplashScreen checking exception for package com.android.settings (target sdk:34) -> false
05-10 11:08:23.206   490   505 D CompatibilityChangeReporter: Compat change id reported: 205907456; UID 1000; state: ENABLED
05-10 11:08:23.212   687   731 V WindowManagerShell: Transition requested: android.os.BinderProxy@a48f238 TransitionRequestInfo { type = 1, triggerTask = TaskInfo{userId=0 taskId=15 displayId=0 isRunning=true baseIntent=Intent { act=android.intent.action.MAIN cat=[android.intent.category.LAUNCHER] flg=0x10200000 cmp=com.android.settings/.Settings } baseActivity=ComponentInfo{com.android.settings/com.android.settings.homepage.SettingsHomepageActivity} topActivity=ComponentInfo{com.android.settings/com.android.settings.homepage.SettingsHomepageActivity} origActivity=ComponentInfo{com.android.settings/com.android.settings.Settings} realActivity=ComponentInfo{com.android.settings/com.android.settings.homepage.SettingsHomepageActivity} numActivities=1 lastActiveTime=1003500 supportsMultiWindow=true resizeMode=1 isResizeable=true minWidth=-1 minHeight=-1 defaultMinSize=220 token=WCT{android.window.IWindowContainerToken$Stub$Proxy@a2c6211} topActivityType=1 pictureInPictureParams=null shouldDockBigOverlays=false launchIntoPipHostTaskId=-1 lastParentTaskIdBeforePip=-1 displayCutoutSafeInsets=null topActivityInfo=ActivityInfo{4ed1f76 com.android.settings.Settings} launchCookies=[android.os.BinderProxy@3d08977] positionInParent=Point(0, 0) parentTaskId=-1 isFocused=false isVisible=false isVisibleRequested=false isSleeping=false topActivityInSizeCompat=false topActivityEligibleForLetterboxEducation= false isLetterboxDoubleTapEnabled= false topActivityEligibleForUserAspectRatioButton= false topActivityBoundsLetterboxed= false isFromLetterboxDoubleTap= false topActivityLetterboxVerticalPosition= -1 topActivityLetterboxHorizontalPosition= -1 topActivityLetterboxWidth=-1 topActivityLetterboxHeight=-1 isUserFullscreenOverrideEnabled=false isTopActivityTransparent=false locusId=null displayAreaFeatureId=1 cameraCompatControlState=hidden}, remoteTransition = RemoteTransition { remoteTransition = android.window.IRemoteTransition$Stub$Proxy@2b6f9e4, appThread = android.app.IApplicationThread$Stub$Proxy@2640e4d, debugName = QuickstepLaunch }, displayChange = null, flags = 0 }
05-10 11:08:23.214   687   731 V WindowManagerShell: RemoteTransition directly requested for android.os.BinderProxy@a48f238: RemoteTransition { remoteTransition = android.window.IRemoteTransition$Stub$Proxy@2b6f9e4, appThread = android.app.IApplicationThread$Stub$Proxy@2640e4d, debugName = QuickstepLaunch }
05-10 11:08:23.231   490   505 D CompatibilityChangeReporter: Compat change id reported: 194833441; UID 1000; state: ENABLED
05-10 11:08:23.231   490   505 I ActivityTaskManager: START u0 {act=android.intent.action.MAIN cat=[android.intent.category.LAUNCHER] flg=0x10200000 cmp=com.android.settings/.Settings bnds=[288,1145][576,1565]} with LAUNCH_MULTIPLE from uid 10115 (BAL_ALLOW_ALLOWLISTED_COMPONENT) result code=0
05-10 11:08:23.233   490  1400 D CompatibilityChangeReporter: Compat change id reported: 168419799; UID 1000; state: DISABLED
05-10 11:08:23.233   490  1400 D CompatibilityChangeReporter: Compat change id reported: 273564678; UID 1000; state: DISABLED
05-10 11:08:23.242   325   325 W AudioFlinger: createTrack_l(): mismatch between requested flags (00000004) and output flags (00000002)
05-10 11:08:23.245   490   601 D ActivityManager: quick sync unfreeze 872 for 1
05-10 11:08:23.263   687   748 W System  : ClassLoader referenced unknown path: 
05-10 11:08:23.263   687   748 D nativeloader: Configuring clns-shared-7 for other apk . target_sdk_version=34, uses_libraries=, library_path=/system_ext/priv-app/Settings/lib/x86_64:/system_ext/priv-app/Settings/Settings.apk!/lib/x86_64:/system/lib64:/system_ext/lib64, permitted_path=/data:/mnt/expand::/system_ext/priv-app/Settings:/system/lib64:/system_ext/lib64
05-10 11:08:23.266   687   748 D SplashScreenView: Build android.window.SplashScreenView{aba5226 V.E...... ......ID 0,0-0,0}
05-10 11:08:23.266   687   748 D SplashScreenView: Icon: view: android.widget.ImageView{5c0be67 V.ED..... ......I. 0,0-0,0 #10204f1 android:id/splashscreen_icon_view} drawable: com.android.wm.shell.startingsurface.SplashscreenIconDrawableFactory$ImmobileIconDrawable@7bea414 size: 560
05-10 11:08:23.266   687   748 D SplashScreenView: Branding: view: android.view.View{da224bd G.ED..... ......I. 0,0-0,0 #10204f0 android:id/splashscreen_branding_view} drawable: null size w: 0 h: 0
05-10 11:08:23.268   325   325 D audioserver: logFgsApiBegin: FGS Logger Transaction failed, -129
05-10 11:08:23.279   490   511 D ActivityManager: sync unfroze 872 com.android.settings for 1
05-10 11:08:23.281   333   333 I BpBinder: onLastStrongRef automatically unlinking death recipients: 
05-10 11:08:23.300   490   511 I ActivityManager: Killing 1596:android.process.media/u0a57 (adj 985): empty #17
05-10 11:08:23.301   490   511 I ActivityManager: Killing 988:com.android.cellbroadcastreceiver.module/u0a132 (adj 985): empty #18
05-10 11:08:23.301   490   511 I ActivityManager: Killing 1570:com.android.calendar/u0a98 (adj 995): empty #19
05-10 11:08:23.302   490   511 I ActivityManager: Killing 1309:com.android.devicelockcontroller/u0a124 (adj 995): empty #20
05-10 11:08:23.303   490   511 I ActivityManager: Killing 1448:com.android.keychain/1000 (adj 999): empty #21
05-10 11:08:23.303   490   511 I ActivityManager: Killing 1521:com.android.localtransport/1000 (adj 999): empty #22
05-10 11:08:23.303   490   511 I ActivityManager: Killing 1478:com.android.traceur/u0a90 (adj 999): empty #23
05-10 11:08:23.303   490   511 I ActivityManager: Killing 1430:com.android.quicksearchbox/u0a97 (adj 999): empty #24
05-10 11:08:23.303   490   511 I ActivityManager: Killing 1414:com.android.music/u0a106 (adj 999): empty #25
05-10 11:08:23.322   490   520 I libprocessgroup: Successfully killed process cgroup uid 10057 pid 1596 in 0ms
05-10 11:08:23.375   872   872 D ActivityEmbeddingUtils: isEmbeddingActivityEnabled = true
05-10 11:08:23.396   289   289 I Zygote  : Process 1521 exited due to signal 9 (Killed)
05-10 11:08:23.407   490  1505 I MediaSessionStack: removeSession | record: com.android.music/MediaPlaybackService (userId=0)
05-10 11:08:23.514     0     0 I binder  : undelivered transaction 61901, process died.
05-10 11:08:23.515     0     0 I binder  : undelivered transaction 61902, process died.
05-10 11:08:23.424   781   781 V MediaPlayerList: onActiveSessionsChanged: number of controllers: 0
05-10 11:08:23.425   781   781 D AvrcpTargetJni: sendPlayerSettingsNative
05-10 11:08:23.425   781   781 I bt_stack: [INFO:avrcp_service.cc(551)] virtual void bluetooth::avrcp::AvrcpService::SendPlayerSettingsChanged(std::vector<PlayerAttribute>, std::vector<uint8_t>)
05-10 11:08:23.425   781   781 I bt_stack: [INFO:avrcp_service.cc(565)] attribute=PlayerAttribute::REPEAT : value=PlayerRepeatValue::OFF
05-10 11:08:23.425   781   781 I bt_stack: attribute=PlayerAttribute::SHUFFLE : value=PlayerShuffleValue::OFF
05-10 11:08:23.425   781   781 I bt_stack: 
05-10 11:08:23.427   490   520 I libprocessgroup: Successfully killed process cgroup uid 10132 pid 988 in 0ms
05-10 11:08:23.430   490   509 D DisplayManagerService: Drop pending events for gone uid 10090
05-10 11:08:23.434   490   509 D DisplayManagerService: Drop pending events for gone uid 10106
05-10 11:08:23.436   490   509 D DisplayManagerService: Drop pending events for gone uid 10124
05-10 11:08:23.440   490   509 D DisplayManagerService: Drop pending events for gone uid 10057
05-10 11:08:23.442   781   781 V MediaPlayerList: onActiveSessionsChanged: number of controllers: 0
05-10 11:08:23.443   490   509 D DisplayManagerService: Drop pending events for gone uid 10098
05-10 11:08:23.444   490   509 D DisplayManagerService: Drop pending events for gone uid 10097
05-10 11:08:23.445   490   509 D DisplayManagerService: Drop pending events for gone uid 10132
05-10 11:08:23.447   490   520 I libprocessgroup: Successfully killed process cgroup uid 10098 pid 1570 in 0ms
05-10 11:08:23.447   490   520 I libprocessgroup: Successfully killed process cgroup uid 10124 pid 1309 in 0ms
05-10 11:08:23.448   490   520 I libprocessgroup: Successfully killed process cgroup uid 1000 pid 1448 in 0ms
05-10 11:08:23.448   490   520 I libprocessgroup: Successfully killed process cgroup uid 1000 pid 1521 in 0ms
05-10 11:08:23.448   490   520 I libprocessgroup: Successfully killed process cgroup uid 10090 pid 1478 in 0ms
05-10 11:08:23.448   490   520 I libprocessgroup: Successfully killed process cgroup uid 10097 pid 1430 in 0ms
05-10 11:08:23.451   490   520 I libprocessgroup: Successfully killed process cgroup uid 10106 pid 1414 in 0ms
05-10 11:08:23.454   289   289 I Zygote  : Process 988 exited due to signal 9 (Killed)
05-10 11:08:23.454   289   289 I Zygote  : Process 1309 exited due to signal 9 (Killed)
05-10 11:08:23.454   289   289 I Zygote  : Process 1414 exited due to signal 9 (Killed)
05-10 11:08:23.454   289   289 I Zygote  : Process 1430 exited due to signal 9 (Killed)
05-10 11:08:23.454   289   289 I Zygote  : Process 1448 exited due to signal 9 (Killed)
05-10 11:08:23.454   289   289 I Zygote  : Process 1478 exited due to signal 9 (Killed)
05-10 11:08:23.454   289   289 I Zygote  : Process 1570 exited due to signal 9 (Killed)
05-10 11:08:23.454   289   289 I Zygote  : Process 1596 exited due to signal 9 (Killed)
05-10 11:08:23.464   490   614 D ConnectivityService: releasing NetworkRequest [ REQUEST id=45, [ Capabilities: INTERNET&NOT_RESTRICTED&TRUSTED&NOT_VCN_MANAGED Uid: 10124 RequestorUid: 10124 RequestorPkg: com.android.devicelockcontroller UnderlyingNetworks: Null] ] (release request)
05-10 11:08:23.476   325   454 D AudioFlinger: mixer(0x76261d663940) throttle end: throttle time(22)
05-10 11:08:23.521   687   731 V WindowManagerShell: onTransitionReady android.os.BinderProxy@a48f238: {id=7 t=OPEN f=0x0 trk=0 r=[0@Point(0, 0)] c=[{WCT{android.window.IWindowContainerToken$Stub$Proxy@72e2e75} m=OPEN f=NONE leash=Surface(name=Task=15)/@0x17f7ffe sb=Rect(0, 0 - 1440, 2960) eb=Rect(0, 0 - 1440, 2960) d=0},{WCT{android.window.IWindowContainerToken$Stub$Proxy@44f9e0a} m=TO_BACK f=SHOW_WALLPAPER leash=Surface(name=Task=1)/@0x8bd135f sb=Rect(0, 0 - 1440, 2960) eb=Rect(0, 0 - 1440, 2960) d=0}]}
05-10 11:08:23.521   687   731 V WindowManagerShell: Playing animation for (#7)android.os.BinderProxy@a48f238@0
05-10 11:08:23.521   687   731 V WindowManagerShell:  try firstHandler com.android.wm.shell.transition.DefaultMixedHandler@f9e24fd
05-10 11:08:23.522   687   731 V WindowManagerShell:  Delegate animation for #7 to RemoteTransition { remoteTransition = android.window.IRemoteTransition$Stub$Proxy@2b6f9e4, appThread = android.app.IApplicationThread$Stub$Proxy@2640e4d, debugName = QuickstepLaunch }
05-10 11:08:23.522   490   508 V WindowManager: Sent Transition #7 createdAt=05-10 11:08:23.200 via request=TransitionRequestInfo { type = 1, triggerTask = TaskInfo{userId=0 taskId=15 displayId=0 isRunning=true baseIntent=Intent { act=android.intent.action.MAIN cat=[android.intent.category.LAUNCHER] flg=0x10200000 cmp=com.android.settings/.Settings } baseActivity=ComponentInfo{com.android.settings/com.android.settings.homepage.SettingsHomepageActivity} topActivity=ComponentInfo{com.android.settings/com.android.settings.homepage.SettingsHomepageActivity} origActivity=ComponentInfo{com.android.settings/com.android.settings.Settings} realActivity=ComponentInfo{com.android.settings/com.android.settings.homepage.SettingsHomepageActivity} numActivities=1 lastActiveTime=1003500 supportsMultiWindow=true resizeMode=1 isResizeable=true minWidth=-1 minHeight=-1 defaultMinSize=220 token=WCT{RemoteToken{7725168 Task{427fa11 #15 type=standard A=1000:com.android.settings.root}}} topActivityType=1 pictureInPictureParams=null shouldDockBigOverlays=false launchIntoPipHostTaskId=-1 lastParentTaskIdBeforePip=-1 displayCutoutSafeInsets=null topActivityInfo=ActivityInfo{eea8981 com.android.settings.Settings} launchCookies=[android.os.BinderProxy@a880a26] positionInParent=Point(0, 0) parentTaskId=-1 isFocused=false isVisible=false isVisibleRequested=false isSleeping=false topActivityInSizeCompat=false topActivityEligibleForLetterboxEducation= false isLetterboxDoubleTapEnabled= false topActivityEligibleForUserAspectRatioButton= false topActivityBoundsLetterboxed= false isFromLetterboxDoubleTap= false topActivityLetterboxVerticalPosition= -1 topActivityLetterboxHorizontalPosition= -1 topActivityLetterboxWidth=-1 topActivityLetterboxHeight=-1 isUserFullscreenOverrideEnabled=false isTopActivityTransparent=false locusId=null displayAreaFeatureId=1 cameraCompatControlState=hidden}, remoteTransition = RemoteTransition { remoteTransition = android.window.IRemoteTransition$Stub$Proxy@e681667, appThread = android.app.IApplicationThread$Stub$Proxy@3cf1c14, debugName = QuickstepLaunch }, displayChange = null, flags = 0 }
05-10 11:08:23.522   490   508 V WindowManager:     startWCT=WindowContainerTransaction { changes = {} hops = [] errorCallbackToken=null taskFragmentOrganizer=null }
05-10 11:08:23.523   490   508 V WindowManager:     info={id=7 t=OPEN f=0x0 trk=0 r=[0@Point(0, 0)] c=[{WCT{RemoteToken{7725168 Task{427fa11 #15 type=standard A=1000:com.android.settings.root}}} m=OPEN f=NONE leash=Surface(name=Task=15)/@0xd5a225a sb=Rect(0, 0 - 1440, 2960) eb=Rect(0, 0 - 1440, 2960) d=0},{WCT{RemoteToken{5353cbd Task{e8a7435 #1 type=home}}} m=TO_BACK f=SHOW_WALLPAPER leash=Surface(name=Task=1)/@0x18ede9d sb=Rect(0, 0 - 1440, 2960) eb=Rect(0, 0 - 1440, 2960) d=0}]}
05-10 11:08:23.573   687   731 V WindowManagerShell:  animated by firstHandler
05-10 11:08:23.575   687   731 W Looper  : Slow dispatch took 55ms wmshell.main h=android.os.Handler c=com.android.wm.shell.transition.Transitions$TransitionPlayerImpl$$ExternalSyntheticLambda0@6403cf1 m=0
05-10 11:08:23.579   490   504 W ActivityTaskManager: takeTaskSnapshot: taskId=11 not found or not visible
05-10 11:08:23.582  1049  1049 D b/279059025: current animation cancelled
05-10 11:08:23.586  1049  1049 D BaseDepthController: mSurface is null and mCurrentBlur is: 0
05-10 11:08:23.586  1049  1049 D BaseDepthController: mSurface is null and mCurrentBlur is: 0
05-10 11:08:23.586  1049  1049 D BaseDepthController: mSurface is null and mCurrentBlur is: 0
05-10 11:08:23.590   872   872 D CompatibilityChangeReporter: Compat change id reported: 171228096; UID 1000; state: ENABLED
05-10 11:08:23.593   325   454 D audioserver: logFgsApiEnd: FGS Logger Transaction failed, -129
05-10 11:08:23.595   490   504 W ActivityTaskManager: takeTaskSnapshot: taskId=13 not found or not visible
05-10 11:08:23.619  1049  1049 D BaseDepthController: mSurface is null and mCurrentBlur is: 0
05-10 11:08:23.659   872   872 W ResourcesCompat: Failed to inflate ColorStateList, leaving it to the framework
05-10 11:08:23.659   872   872 W ResourcesCompat: java.lang.UnsupportedOperationException: Failed to resolve attribute at index 0: TypedValue{t=0x2/d=0x7f040113 a=-1}, theme={InheritanceMap=[id=0x7f1403ebcom.android.settings:style/Theme.Settings.Home, id=0x7f1403edcom.android.settings:style/Theme.Settings.HomeBase, id=0x7f1403eecom.android.settings:style/Theme.Settings.NoActionBar, id=0x7f1403e9com.android.settings:style/Theme.Settings, id=0x7f1403efcom.android.settings:style/Theme.SettingsBase, id=0x7f1403f0com.android.settings:style/Theme.SettingsBase_v31, id=0x1030223android:style/Theme.DeviceDefault.Settings, id=0x103012bandroid:style/Theme.DeviceDefault.Light, id=0x1030237android:style/Theme.Material.Light, id=0x103000candroid:style/Theme.Light, id=0x1030005android:style/Theme], Themes=[com.android.settings:style/Theme.Settings.Home, forced, android:style/Theme.DeviceDefault.Light.DarkActionBar, forced]}
05-10 11:08:23.659   872   872 W ResourcesCompat: 	at android.content.res.TypedArray.getColor(TypedArray.java:529)
05-10 11:08:23.659   872   872 W ResourcesCompat: 	at androidx.core.content.res.ColorStateListInflaterCompat.inflate(ColorStateListInflaterCompat.java:159)
05-10 11:08:23.659   872   872 W ResourcesCompat: 	at androidx.core.content.res.ColorStateListInflaterCompat.createFromXmlInner(ColorStateListInflaterCompat.java:124)
05-10 11:08:23.659   872   872 W ResourcesCompat: 	at androidx.core.content.res.ColorStateListInflaterCompat.createFromXml(ColorStateListInflaterCompat.java:103)
05-10 11:08:23.659   872   872 W ResourcesCompat: 	at androidx.core.content.res.ResourcesCompat.inflateColorStateList(ResourcesCompat.java:262)
05-10 11:08:23.659   872   872 W ResourcesCompat: 	at androidx.core.content.res.ResourcesCompat.getColorStateList(ResourcesCompat.java:236)
05-10 11:08:23.659   872   872 W ResourcesCompat: 	at androidx.core.content.ContextCompat.getColorStateList(ContextCompat.java:564)
05-10 11:08:23.659   872   872 W ResourcesCompat: 	at androidx.appcompat.content.res.AppCompatResources.getColorStateList(AppCompatResources.java:48)
05-10 11:08:23.659   872   872 W ResourcesCompat: 	at com.google.android.material.resources.MaterialResources.getColorStateList(MaterialResources.java:65)
05-10 11:08:23.659   872   872 W ResourcesCompat: 	at com.google.android.material.card.MaterialCardViewHelper.loadFromAttributes(MaterialCardViewHelper.java:178)
05-10 11:08:23.659   872   872 W ResourcesCompat: 	at com.google.android.material.card.MaterialCardView.<init>(MaterialCardView.java:183)
05-10 11:08:23.659   872   872 W ResourcesCompat: 	at com.google.android.material.card.MaterialCardView.<init>(MaterialCardView.java:160)
05-10 11:08:23.659   872   872 W ResourcesCompat: 	at java.lang.reflect.Constructor.newInstance0(Native Method)
05-10 11:08:23.659   872   872 W ResourcesCompat: 	at java.lang.reflect.Constructor.newInstance(Constructor.java:343)
05-10 11:08:23.659   872   872 W ResourcesCompat: 	at android.view.LayoutInflater.createView(LayoutInflater.java:866)
05-10 11:08:23.659   872   872 W ResourcesCompat: 	at android.view.LayoutInflater.createViewFromTag(LayoutInflater.java:1018)
05-10 11:08:23.659   872   872 W ResourcesCompat: 	at android.view.LayoutInflater.createViewFromTag(LayoutInflater.java:973)
05-10 11:08:23.659   872   872 W ResourcesCompat: 	at android.view.LayoutInflater.rInflate(LayoutInflater.java:1135)
05-10 11:08:23.659   872   872 W ResourcesCompat: 	at android.view.LayoutInflater.rInflateChildren(LayoutInflater.java:1096)
05-10 11:08:23.659   872   872 W ResourcesCompat: 	at android.view.LayoutInflater.parseInclude(LayoutInflater.java:1275)
05-10 11:08:23.659   872   872 W ResourcesCompat: 	at android.view.LayoutInflater.rInflate(LayoutInflater.java:1131)
05-10 11:08:23.659   872   872 W ResourcesCompat: 	at android.view.LayoutInflater.rInflateChildren(LayoutInflater.java:1096)
05-10 11:08:23.659   872   872 W ResourcesCompat: 	at android.view.LayoutInflater.parseInclude(LayoutInflater.java:1275)
05-10 11:08:23.659   872   872 W ResourcesCompat: 	at android.view.LayoutInflater.rInflate(LayoutInflater.java:1131)
05-10 11:08:23.659   872   872 W ResourcesCompat: 	at android.view.LayoutInflater.rInflateChildren(LayoutInflater.java:1096)
05-10 11:08:23.659   872   872 W ResourcesCompat: 	at android.view.LayoutInflater.rInflate(LayoutInflater.java:1138)
05-10 11:08:23.659   872   872 W ResourcesCompat: 	at android.view.LayoutInflater.rInflateChildren(LayoutInflater.java:1096)
05-10 11:08:23.659   872   872 W ResourcesCompat: 	at android.view.LayoutInflater.rInflate(LayoutInflater.java:1138)
05-10 11:08:23.659   872   872 W ResourcesCompat: 	at android.view.LayoutInflater.rInflateChildren(LayoutInflater.java:1096)
05-10 11:08:23.659   872   872 W ResourcesCompat: 	at android.view.LayoutInflater.inflate(LayoutInflater.java:694)
05-10 11:08:23.659   872   872 W ResourcesCompat: 	at android.view.LayoutInflater.inflate(LayoutInflater.java:538)
05-10 11:08:23.659   872   872 W ResourcesCompat: 	at android.view.LayoutInflater.inflate(LayoutInflater.java:485)
05-10 11:08:23.659   872   872 W ResourcesCompat: 	at com.android.internal.policy.PhoneWindow.setContentView(PhoneWindow.java:475)
05-10 11:08:23.659   872   872 W ResourcesCompat: 	at android.app.Activity.setContentView(Activity.java:3689)
05-10 11:08:23.659   872   872 W ResourcesCompat: 	at androidx.activity.ComponentActivity.setContentView(ComponentActivity.java:464)
05-10 11:08:23.659   872   872 W ResourcesCompat: 	at com.android.settings.homepage.SettingsHomepageActivity.onCreate(SettingsHomepageActivity.java:199)
05-10 11:08:23.659   872   872 W ResourcesCompat: 	at android.app.Activity.performCreate(Activity.java:8621)
05-10 11:08:23.659   872   872 W ResourcesCompat: 	at android.app.Activity.performCreate(Activity.java:8599)
05-10 11:08:23.659   872   872 W ResourcesCompat: 	at android.app.Instrumentation.callActivityOnCreate(Instrumentation.java:1456)
05-10 11:08:23.660   872   872 W ResourcesCompat: 	at android.app.ActivityThread.performLaunchActivity(ActivityThread.java:3804)
05-10 11:08:23.660   872   872 W ResourcesCompat: 	at android.app.ActivityThread.handleLaunchActivity(ActivityThread.java:3963)
05-10 11:08:23.660   872   872 W ResourcesCompat: 	at android.app.servertransaction.LaunchActivityItem.execute(LaunchActivityItem.java:103)
05-10 11:08:23.660   872   872 W ResourcesCompat: 	at android.app.servertransaction.TransactionExecutor.executeCallbacks(TransactionExecutor.java:139)
05-10 11:08:23.660   872   872 W ResourcesCompat: 	at android.app.servertransaction.TransactionExecutor.execute(TransactionExecutor.java:96)
05-10 11:08:23.660   872   872 W ResourcesCompat: 	at android.app.ActivityThread$H.handleMessage(ActivityThread.java:2468)
05-10 11:08:23.660   872   872 W ResourcesCompat: 	at android.os.Handler.dispatchMessage(Handler.java:106)
05-10 11:08:23.660   872   872 W ResourcesCompat: 	at android.os.Looper.loopOnce(Looper.java:205)
05-10 11:08:23.660   872   872 W ResourcesCompat: 	at android.os.Looper.loop(Looper.java:294)
05-10 11:08:23.660   872   872 W ResourcesCompat: 	at android.app.ActivityThread.main(ActivityThread.java:8248)
05-10 11:08:23.660   872   872 W ResourcesCompat: 	at java.lang.reflect.Method.invoke(Native Method)
05-10 11:08:23.660   872   872 W ResourcesCompat: 	at com.android.internal.os.RuntimeInit$MethodAndArgsCaller.run(RuntimeInit.java:552)
05-10 11:08:23.660   872   872 W ResourcesCompat: 	at com.android.internal.os.ZygoteInit.main(ZygoteInit.java:971)
05-10 11:08:23.661   872   872 W ResourcesCompat: Failed to inflate ColorStateList, leaving it to the framework
05-10 11:08:23.661   872   872 W ResourcesCompat: java.lang.UnsupportedOperationException: Failed to resolve attribute at index 0: TypedValue{t=0x2/d=0x7f040113 a=-1}, theme={InheritanceMap=[id=0x7f1403ebcom.android.settings:style/Theme.Settings.Home, id=0x7f1403edcom.android.settings:style/Theme.Settings.HomeBase, id=0x7f1403eecom.android.settings:style/Theme.Settings.NoActionBar, id=0x7f1403e9com.android.settings:style/Theme.Settings, id=0x7f1403efcom.android.settings:style/Theme.SettingsBase, id=0x7f1403f0com.android.settings:style/Theme.SettingsBase_v31, id=0x1030223android:style/Theme.DeviceDefault.Settings, id=0x103012bandroid:style/Theme.DeviceDefault.Light, id=0x1030237android:style/Theme.Material.Light, id=0x103000candroid:style/Theme.Light, id=0x1030005android:style/Theme], Themes=[com.android.settings:style/Theme.Settings.Home, forced, android:style/Theme.DeviceDefault.Light.DarkActionBar, forced]}
05-10 11:08:23.661   872   872 W ResourcesCompat: 	at android.content.res.TypedArray.getColor(TypedArray.java:529)
05-10 11:08:23.661   872   872 W ResourcesCompat: 	at androidx.core.content.res.ColorStateListInflaterCompat.inflate(ColorStateListInflaterCompat.java:159)
05-10 11:08:23.661   872   872 W ResourcesCompat: 	at androidx.core.content.res.ColorStateListInflaterCompat.createFromXmlInner(ColorStateListInflaterCompat.java:124)
05-10 11:08:23.661   872   872 W ResourcesCompat: 	at androidx.core.content.res.ColorStateListInflaterCompat.createFromXml(ColorStateListInflaterCompat.java:103)
05-10 11:08:23.661   872   872 W ResourcesCompat: 	at androidx.core.content.res.ResourcesCompat.inflateColorStateList(ResourcesCompat.java:262)
05-10 11:08:23.661   872   872 W ResourcesCompat: 	at androidx.core.content.res.ResourcesCompat.getColorStateList(ResourcesCompat.java:236)
05-10 11:08:23.661   872   872 W ResourcesCompat: 	at androidx.core.content.ContextCompat.getColorStateList(ContextCompat.java:564)
05-10 11:08:23.661   872   872 W ResourcesCompat: 	at androidx.appcompat.content.res.AppCompatResources.getColorStateList(AppCompatResources.java:48)
05-10 11:08:23.661   872   872 W ResourcesCompat: 	at com.google.android.material.resources.MaterialResources.getColorStateList(MaterialResources.java:65)
05-10 11:08:23.661   872   872 W ResourcesCompat: 	at com.google.android.material.card.MaterialCardViewHelper.loadFromAttributes(MaterialCardViewHelper.java:187)
05-10 11:08:23.661   872   872 W ResourcesCompat: 	at com.google.android.material.card.MaterialCardView.<init>(MaterialCardView.java:183)
05-10 11:08:23.661   872   872 W ResourcesCompat: 	at com.google.android.material.card.MaterialCardView.<init>(MaterialCardView.java:160)
05-10 11:08:23.661   872   872 W ResourcesCompat: 	at java.lang.reflect.Constructor.newInstance0(Native Method)
05-10 11:08:23.661   872   872 W ResourcesCompat: 	at java.lang.reflect.Constructor.newInstance(Constructor.java:343)
05-10 11:08:23.661   872   872 W ResourcesCompat: 	at android.view.LayoutInflater.createView(LayoutInflater.java:866)
05-10 11:08:23.661   872   872 W ResourcesCompat: 	at android.view.LayoutInflater.createViewFromTag(LayoutInflater.java:1018)
05-10 11:08:23.661   872   872 W ResourcesCompat: 	at android.view.LayoutInflater.createViewFromTag(LayoutInflater.java:973)
05-10 11:08:23.661   872   872 W ResourcesCompat: 	at android.view.LayoutInflater.rInflate(LayoutInflater.java:1135)
05-10 11:08:23.661   872   872 W ResourcesCompat: 	at android.view.LayoutInflater.rInflateChildren(LayoutInflater.java:1096)
05-10 11:08:23.661   872   872 W ResourcesCompat: 	at android.view.LayoutInflater.parseInclude(LayoutInflater.java:1275)
05-10 11:08:23.661   872   872 W ResourcesCompat: 	at android.view.LayoutInflater.rInflate(LayoutInflater.java:1131)
05-10 11:08:23.661   872   872 W ResourcesCompat: 	at android.view.LayoutInflater.rInflateChildren(LayoutInflater.java:1096)
05-10 11:08:23.661   872   872 W ResourcesCompat: 	at android.view.LayoutInflater.parseInclude(LayoutInflater.java:1275)
05-10 11:08:23.661   872   872 W ResourcesCompat: 	at android.view.LayoutInflater.rInflate(LayoutInflater.java:1131)
05-10 11:08:23.661   872   872 W ResourcesCompat: 	at android.view.LayoutInflater.rInflateChildren(LayoutInflater.java:1096)
05-10 11:08:23.661   872   872 W ResourcesCompat: 	at android.view.LayoutInflater.rInflate(LayoutInflater.java:1138)
05-10 11:08:23.661   872   872 W ResourcesCompat: 	at android.view.LayoutInflater.rInflateChildren(LayoutInflater.java:1096)
05-10 11:08:23.661   872   872 W ResourcesCompat: 	at android.view.LayoutInflater.rInflate(LayoutInflater.java:1138)
05-10 11:08:23.661   872   872 W ResourcesCompat: 	at android.view.LayoutInflater.rInflateChildren(LayoutInflater.java:1096)
05-10 11:08:23.661   872   872 W ResourcesCompat: 	at android.view.LayoutInflater.inflate(LayoutInflater.java:694)
05-10 11:08:23.661   872   872 W ResourcesCompat: 	at android.view.LayoutInflater.inflate(LayoutInflater.java:538)
05-10 11:08:23.661   872   872 W ResourcesCompat: 	at android.view.LayoutInflater.inflate(LayoutInflater.java:485)
05-10 11:08:23.661   872   872 W ResourcesCompat: 	at com.android.internal.policy.PhoneWindow.setContentView(PhoneWindow.java:475)
05-10 11:08:23.661   872   872 W ResourcesCompat: 	at android.app.Activity.setContentView(Activity.java:3689)
05-10 11:08:23.661   872   872 W ResourcesCompat: 	at androidx.activity.ComponentActivity.setContentView(ComponentActivity.java:464)
05-10 11:08:23.661   872   872 W ResourcesCompat: 	at com.android.settings.homepage.SettingsHomepageActivity.onCreate(SettingsHomepageActivity.java:199)
05-10 11:08:23.661   872   872 W ResourcesCompat: 	at android.app.Activity.performCreate(Activity.java:8621)
05-10 11:08:23.661   872   872 W ResourcesCompat: 	at android.app.Activity.performCreate(Activity.java:8599)
05-10 11:08:23.661   872   872 W ResourcesCompat: 	at android.app.Instrumentation.callActivityOnCreate(Instrumentation.java:1456)
05-10 11:08:23.661   872   872 W ResourcesCompat: 	at android.app.ActivityThread.performLaunchActivity(ActivityThread.java:3804)
05-10 11:08:23.661   872   872 W ResourcesCompat: 	at android.app.ActivityThread.handleLaunchActivity(ActivityThread.java:3963)
05-10 11:08:23.661   872   872 W ResourcesCompat: 	at android.app.servertransaction.LaunchActivityItem.execute(LaunchActivityItem.java:103)
05-10 11:08:23.661   872   872 W ResourcesCompat: 	at android.app.servertransaction.TransactionExecutor.executeCallbacks(TransactionExecutor.java:139)
05-10 11:08:23.661   872   872 W ResourcesCompat: 	at android.app.servertransaction.TransactionExecutor.execute(TransactionExecutor.java:96)
05-10 11:08:23.661   872   872 W ResourcesCompat: 	at android.app.ActivityThread$H.handleMessage(ActivityThread.java:2468)
05-10 11:08:23.661   872   872 W ResourcesCompat: 	at android.os.Handler.dispatchMessage(Handler.java:106)
05-10 11:08:23.661   872   872 W ResourcesCompat: 	at android.os.Looper.loopOnce(Looper.java:205)
05-10 11:08:23.661   872   872 W ResourcesCompat: 	at android.os.Looper.loop(Looper.java:294)
05-10 11:08:23.661   872   872 W ResourcesCompat: 	at android.app.ActivityThread.main(ActivityThread.java:8248)
05-10 11:08:23.661   872   872 W ResourcesCompat: 	at java.lang.reflect.Method.invoke(Native Method)
05-10 11:08:23.661   872   872 W ResourcesCompat: 	at com.android.internal.os.RuntimeInit$MethodAndArgsCaller.run(RuntimeInit.java:552)
05-10 11:08:23.661   872   872 W ResourcesCompat: 	at com.android.internal.os.ZygoteInit.main(ZygoteInit.java:971)
05-10 11:08:23.667   872   872 W ResourcesCompat: Failed to inflate ColorStateList, leaving it to the framework
05-10 11:08:23.667   872   872 W ResourcesCompat: java.lang.UnsupportedOperationException: Failed to resolve attribute at index 0: TypedValue{t=0x2/d=0x7f040113 a=-1}, theme={InheritanceMap=[id=0x7f1403ebcom.android.settings:style/Theme.Settings.Home, id=0x7f1403edcom.android.settings:style/Theme.Settings.HomeBase, id=0x7f1403eecom.android.settings:style/Theme.Settings.NoActionBar, id=0x7f1403e9com.android.settings:style/Theme.Settings, id=0x7f1403efcom.android.settings:style/Theme.SettingsBase, id=0x7f1403f0com.android.settings:style/Theme.SettingsBase_v31, id=0x1030223android:style/Theme.DeviceDefault.Settings, id=0x103012bandroid:style/Theme.DeviceDefault.Light, id=0x1030237android:style/Theme.Material.Light, id=0x103000candroid:style/Theme.Light, id=0x1030005android:style/Theme], Themes=[com.android.settings:style/Theme.Settings.Home, forced, android:style/Theme.DeviceDefault.Light.DarkActionBar, forced]}
05-10 11:08:23.667   872   872 W ResourcesCompat: 	at android.content.res.TypedArray.getColor(TypedArray.java:529)
05-10 11:08:23.667   872   872 W ResourcesCompat: 	at androidx.core.content.res.ColorStateListInflaterCompat.inflate(ColorStateListInflaterCompat.java:159)
05-10 11:08:23.667   872   872 W ResourcesCompat: 	at androidx.core.content.res.ColorStateListInflaterCompat.createFromXmlInner(ColorStateListInflaterCompat.java:124)
05-10 11:08:23.667   872   872 W ResourcesCompat: 	at androidx.core.content.res.ColorStateListInflaterCompat.createFromXml(ColorStateListInflaterCompat.java:103)
05-10 11:08:23.667   872   872 W ResourcesCompat: 	at androidx.core.content.res.ResourcesCompat.inflateColorStateList(ResourcesCompat.java:262)
05-10 11:08:23.667   872   872 W ResourcesCompat: 	at androidx.core.content.res.ResourcesCompat.getColorStateList(ResourcesCompat.java:236)
05-10 11:08:23.667   872   872 W ResourcesCompat: 	at androidx.core.content.ContextCompat.getColorStateList(ContextCompat.java:564)
05-10 11:08:23.667   872   872 W ResourcesCompat: 	at androidx.appcompat.content.res.AppCompatResources.getColorStateList(AppCompatResources.java:48)
05-10 11:08:23.667   872   872 W ResourcesCompat: 	at com.google.android.material.resources.MaterialResources.getColorStateList(MaterialResources.java:65)
05-10 11:08:23.667   872   872 W ResourcesCompat: 	at com.google.android.material.card.MaterialCardViewHelper.loadFromAttributes(MaterialCardViewHelper.java:178)
05-10 11:08:23.667   872   872 W ResourcesCompat: 	at com.google.android.material.card.MaterialCardView.<init>(MaterialCardView.java:183)
05-10 11:08:23.667   872   872 W ResourcesCompat: 	at com.google.android.material.card.MaterialCardView.<init>(MaterialCardView.java:160)
05-10 11:08:23.667   872   872 W ResourcesCompat: 	at java.lang.reflect.Constructor.newInstance0(Native Method)
05-10 11:08:23.667   872   872 W ResourcesCompat: 	at java.lang.reflect.Constructor.newInstance(Constructor.java:343)
05-10 11:08:23.667   872   872 W ResourcesCompat: 	at android.view.LayoutInflater.createView(LayoutInflater.java:866)
05-10 11:08:23.667   872   872 W ResourcesCompat: 	at android.view.LayoutInflater.createViewFromTag(LayoutInflater.java:1018)
05-10 11:08:23.667   872   872 W ResourcesCompat: 	at android.view.LayoutInflater.parseInclude(LayoutInflater.java:1245)
05-10 11:08:23.667   872   872 W ResourcesCompat: 	at android.view.LayoutInflater.rInflate(LayoutInflater.java:1131)
05-10 11:08:23.667   872   872 W ResourcesCompat: 	at android.view.LayoutInflater.rInflateChildren(LayoutInflater.java:1096)
05-10 11:08:23.667   872   872 W ResourcesCompat: 	at android.view.LayoutInflater.parseInclude(LayoutInflater.java:1275)
05-10 11:08:23.667   872   872 W ResourcesCompat: 	at android.view.LayoutInflater.rInflate(LayoutInflater.java:1131)
05-10 11:08:23.667   872   872 W ResourcesCompat: 	at android.view.LayoutInflater.rInflateChildren(LayoutInflater.java:1096)
05-10 11:08:23.667   872   872 W ResourcesCompat: 	at android.view.LayoutInflater.rInflate(LayoutInflater.java:1138)
05-10 11:08:23.667   872   872 W ResourcesCompat: 	at android.view.LayoutInflater.rInflateChildren(LayoutInflater.java:1096)
05-10 11:08:23.667   872   872 W ResourcesCompat: 	at android.view.LayoutInflater.rInflate(LayoutInflater.java:1138)
05-10 11:08:23.667   872   872 W ResourcesCompat: 	at android.view.LayoutInflater.rInflateChildren(LayoutInflater.java:1096)
05-10 11:08:23.667   872   872 W ResourcesCompat: 	at android.view.LayoutInflater.inflate(LayoutInflater.java:694)
05-10 11:08:23.667   872   872 W ResourcesCompat: 	at android.view.LayoutInflater.inflate(LayoutInflater.java:538)
05-10 11:08:23.667   872   872 W ResourcesCompat: 	at android.view.LayoutInflater.inflate(LayoutInflater.java:485)
05-10 11:08:23.667   872   872 W ResourcesCompat: 	at com.android.internal.policy.PhoneWindow.setContentView(PhoneWindow.java:475)
05-10 11:08:23.667   872   872 W ResourcesCompat: 	at android.app.Activity.setContentView(Activity.java:3689)
05-10 11:08:23.667   872   872 W ResourcesCompat: 	at androidx.activity.ComponentActivity.setContentView(ComponentActivity.java:464)
05-10 11:08:23.667   872   872 W ResourcesCompat: 	at com.android.settings.homepage.SettingsHomepageActivity.onCreate(SettingsHomepageActivity.java:199)
05-10 11:08:23.667   872   872 W ResourcesCompat: 	at android.app.Activity.performCreate(Activity.java:8621)
05-10 11:08:23.667   872   872 W ResourcesCompat: 	at android.app.Activity.performCreate(Activity.java:8599)
05-10 11:08:23.667   872   872 W ResourcesCompat: 	at android.app.Instrumentation.callActivityOnCreate(Instrumentation.java:1456)
05-10 11:08:23.667   872   872 W ResourcesCompat: 	at android.app.ActivityThread.performLaunchActivity(ActivityThread.java:3804)
05-10 11:08:23.667   872   872 W ResourcesCompat: 	at android.app.ActivityThread.handleLaunchActivity(ActivityThread.java:3963)
05-10 11:08:23.667   872   872 W ResourcesCompat: 	at android.app.servertransaction.LaunchActivityItem.execute(LaunchActivityItem.java:103)
05-10 11:08:23.667   872   872 W ResourcesCompat: 	at android.app.servertransaction.TransactionExecutor.executeCallbacks(TransactionExecutor.java:139)
05-10 11:08:23.667   872   872 W ResourcesCompat: 	at android.app.servertransaction.TransactionExecutor.execute(TransactionExecutor.java:96)
05-10 11:08:23.667   872   872 W ResourcesCompat: 	at android.app.ActivityThread$H.handleMessage(ActivityThread.java:2468)
05-10 11:08:23.667   872   872 W ResourcesCompat: 	at android.os.Handler.dispatchMessage(Handler.java:106)
05-10 11:08:23.667   872   872 W ResourcesCompat: 	at android.os.Looper.loopOnce(Looper.java:205)
05-10 11:08:23.667   872   872 W ResourcesCompat: 	at android.os.Looper.loop(Looper.java:294)
05-10 11:08:23.667   872   872 W ResourcesCompat: 	at android.app.ActivityThread.main(ActivityThread.java:8248)
05-10 11:08:23.667   872   872 W ResourcesCompat: 	at java.lang.reflect.Method.invoke(Native Method)
05-10 11:08:23.667   872   872 W ResourcesCompat: 	at com.android.internal.os.RuntimeInit$MethodAndArgsCaller.run(RuntimeInit.java:552)
05-10 11:08:23.667   872   872 W ResourcesCompat: 	at com.android.internal.os.ZygoteInit.main(ZygoteInit.java:971)
05-10 11:08:23.669   872   872 W ResourcesCompat: Failed to inflate ColorStateList, leaving it to the framework
05-10 11:08:23.669   872   872 W ResourcesCompat: java.lang.UnsupportedOperationException: Failed to resolve attribute at index 0: TypedValue{t=0x2/d=0x7f040113 a=-1}, theme={InheritanceMap=[id=0x7f1403ebcom.android.settings:style/Theme.Settings.Home, id=0x7f1403edcom.android.settings:style/Theme.Settings.HomeBase, id=0x7f1403eecom.android.settings:style/Theme.Settings.NoActionBar, id=0x7f1403e9com.android.settings:style/Theme.Settings, id=0x7f1403efcom.android.settings:style/Theme.SettingsBase, id=0x7f1403f0com.android.settings:style/Theme.SettingsBase_v31, id=0x1030223android:style/Theme.DeviceDefault.Settings, id=0x103012bandroid:style/Theme.DeviceDefault.Light, id=0x1030237android:style/Theme.Material.Light, id=0x103000candroid:style/Theme.Light, id=0x1030005android:style/Theme], Themes=[com.android.settings:style/Theme.Settings.Home, forced, android:style/Theme.DeviceDefault.Light.DarkActionBar, forced]}
05-10 11:08:23.669   872   872 W ResourcesCompat: 	at android.content.res.TypedArray.getColor(TypedArray.java:529)
05-10 11:08:23.669   872   872 W ResourcesCompat: 	at androidx.core.content.res.ColorStateListInflaterCompat.inflate(ColorStateListInflaterCompat.java:159)
05-10 11:08:23.669   872   872 W ResourcesCompat: 	at androidx.core.content.res.ColorStateListInflaterCompat.createFromXmlInner(ColorStateListInflaterCompat.java:124)
05-10 11:08:23.669   872   872 W ResourcesCompat: 	at androidx.core.content.res.ColorStateListInflaterCompat.createFromXml(ColorStateListInflaterCompat.java:103)
05-10 11:08:23.669   872   872 W ResourcesCompat: 	at androidx.core.content.res.ResourcesCompat.inflateColorStateList(ResourcesCompat.java:262)
05-10 11:08:23.669   872   872 W ResourcesCompat: 	at androidx.core.content.res.ResourcesCompat.getColorStateList(ResourcesCompat.java:236)
05-10 11:08:23.669   872   872 W ResourcesCompat: 	at androidx.core.content.ContextCompat.getColorStateList(ContextCompat.java:564)
05-10 11:08:23.669   872   872 W ResourcesCompat: 	at androidx.appcompat.content.res.AppCompatResources.getColorStateList(AppCompatResources.java:48)
05-10 11:08:23.669   872   872 W ResourcesCompat: 	at com.google.android.material.resources.MaterialResources.getColorStateList(MaterialResources.java:65)
05-10 11:08:23.669   872   872 W ResourcesCompat: 	at com.google.android.material.card.MaterialCardViewHelper.loadFromAttributes(MaterialCardViewHelper.java:187)
05-10 11:08:23.669   872   872 W ResourcesCompat: 	at com.google.android.material.card.MaterialCardView.<init>(MaterialCardView.java:183)
05-10 11:08:23.669   872   872 W ResourcesCompat: 	at com.google.android.material.card.MaterialCardView.<init>(MaterialCardView.java:160)
05-10 11:08:23.669   872   872 W ResourcesCompat: 	at java.lang.reflect.Constructor.newInstance0(Native Method)
05-10 11:08:23.669   872   872 W ResourcesCompat: 	at java.lang.reflect.Constructor.newInstance(Constructor.java:343)
05-10 11:08:23.669   872   872 W ResourcesCompat: 	at android.view.LayoutInflater.createView(LayoutInflater.java:866)
05-10 11:08:23.669   872   872 W ResourcesCompat: 	at android.view.LayoutInflater.createViewFromTag(LayoutInflater.java:1018)
05-10 11:08:23.669   872   872 W ResourcesCompat: 	at android.view.LayoutInflater.parseInclude(LayoutInflater.java:1245)
05-10 11:08:23.669   872   872 W ResourcesCompat: 	at android.view.LayoutInflater.rInflate(LayoutInflater.java:1131)
05-10 11:08:23.669   872   872 W ResourcesCompat: 	at android.view.LayoutInflater.rInflateChildren(LayoutInflater.java:1096)
05-10 11:08:23.669   872   872 W ResourcesCompat: 	at android.view.LayoutInflater.parseInclude(LayoutInflater.java:1275)
05-10 11:08:23.669   872   872 W ResourcesCompat: 	at android.view.LayoutInflater.rInflate(LayoutInflater.java:1131)
05-10 11:08:23.669   872   872 W ResourcesCompat: 	at android.view.LayoutInflater.rInflateChildren(LayoutInflater.java:1096)
05-10 11:08:23.669   872   872 W ResourcesCompat: 	at android.view.LayoutInflater.rInflate(LayoutInflater.java:1138)
05-10 11:08:23.669   872   872 W ResourcesCompat: 	at android.view.LayoutInflater.rInflateChildren(LayoutInflater.java:1096)
05-10 11:08:23.669   872   872 W ResourcesCompat: 	at android.view.LayoutInflater.rInflate(LayoutInflater.java:1138)
05-10 11:08:23.669   872   872 W ResourcesCompat: 	at android.view.LayoutInflater.rInflateChildren(LayoutInflater.java:1096)
05-10 11:08:23.669   872   872 W ResourcesCompat: 	at android.view.LayoutInflater.inflate(LayoutInflater.java:694)
05-10 11:08:23.669   872   872 W ResourcesCompat: 	at android.view.LayoutInflater.inflate(LayoutInflater.java:538)
05-10 11:08:23.669   872   872 W ResourcesCompat: 	at android.view.LayoutInflater.inflate(LayoutInflater.java:485)
05-10 11:08:23.669   872   872 W ResourcesCompat: 	at com.android.internal.policy.PhoneWindow.setContentView(PhoneWindow.java:475)
05-10 11:08:23.669   872   872 W ResourcesCompat: 	at android.app.Activity.setContentView(Activity.java:3689)
05-10 11:08:23.669   872   872 W ResourcesCompat: 	at androidx.activity.ComponentActivity.setContentView(ComponentActivity.java:464)
05-10 11:08:23.669   872   872 W ResourcesCompat: 	at com.android.settings.homepage.SettingsHomepageActivity.onCreate(SettingsHomepageActivity.java:199)
05-10 11:08:23.669   872   872 W ResourcesCompat: 	at android.app.Activity.performCreate(Activity.java:8621)
05-10 11:08:23.669   872   872 W ResourcesCompat: 	at android.app.Activity.performCreate(Activity.java:8599)
05-10 11:08:23.669   872   872 W ResourcesCompat: 	at android.app.Instrumentation.callActivityOnCreate(Instrumentation.java:1456)
05-10 11:08:23.669   872   872 W ResourcesCompat: 	at android.app.ActivityThread.performLaunchActivity(ActivityThread.java:3804)
05-10 11:08:23.669   872   872 W ResourcesCompat: 	at android.app.ActivityThread.handleLaunchActivity(ActivityThread.java:3963)
05-10 11:08:23.670   872   872 W ResourcesCompat: 	at android.app.servertransaction.LaunchActivityItem.execute(LaunchActivityItem.java:103)
05-10 11:08:23.670   872   872 W ResourcesCompat: 	at android.app.servertransaction.TransactionExecutor.executeCallbacks(TransactionExecutor.java:139)
05-10 11:08:23.670   872   872 W ResourcesCompat: 	at android.app.servertransaction.TransactionExecutor.execute(TransactionExecutor.java:96)
05-10 11:08:23.670   872   872 W ResourcesCompat: 	at android.app.ActivityThread$H.handleMessage(ActivityThread.java:2468)
05-10 11:08:23.670   872   872 W ResourcesCompat: 	at android.os.Handler.dispatchMessage(Handler.java:106)
05-10 11:08:23.670   872   872 W ResourcesCompat: 	at android.os.Looper.loopOnce(Looper.java:205)
05-10 11:08:23.670   872   872 W ResourcesCompat: 	at android.os.Looper.loop(Looper.java:294)
05-10 11:08:23.670   872   872 W ResourcesCompat: 	at android.app.ActivityThread.main(ActivityThread.java:8248)
05-10 11:08:23.670   872   872 W ResourcesCompat: 	at java.lang.reflect.Method.invoke(Native Method)
05-10 11:08:23.670   872   872 W ResourcesCompat: 	at com.android.internal.os.RuntimeInit$MethodAndArgsCaller.run(RuntimeInit.java:552)
05-10 11:08:23.670   872   872 W ResourcesCompat: 	at com.android.internal.os.ZygoteInit.main(ZygoteInit.java:971)
05-10 11:08:23.675   872   872 D ActivityEmbeddingUtils: isEmbeddingActivityEnabled = true
05-10 11:08:23.682   872   872 D ActivityEmbeddingUtils: isEmbeddingActivityEnabled = true
05-10 11:08:23.682   872   872 D ActivityEmbeddingUtils: isEmbeddingActivityEnabled = true
05-10 11:08:23.684   872   872 D ActivityEmbeddingUtils: isEmbeddingActivityEnabled = true
05-10 11:08:23.685   872   872 D ActivityEmbeddingUtils: isEmbeddingActivityEnabled = true
05-10 11:08:23.686   872   872 D ActivityEmbeddingUtils: isEmbeddingActivityEnabled = true
